// Jest Snapshot v1, https://goo.gl/fbAQLP

exports[`Article component test test like or dislike and article should like an article 1`] = `
[MockFunction] {
  "calls": Array [
    Array [
      "",
      21,
      "article",
    ],
    Array [
      "",
      21,
      "article",
    ],
  ],
  "results": Array [
    Object {
      "type": "return",
      "value": false,
    },
    Object {
      "type": "return",
      "value": undefined,
    },
  ],
}
`;
